Warning ResourceBundleUtil[org.jhotdraw.app.Labels].getIconProperty "application.about.icon" not found.
Warning ResourceBundleUtil[org.jhotdraw.app.Labels].getIconProperty "application.about.icon" not found.
Warning ResourceBundleUtil[org.jhotdraw.app.Labels].getIconProperty "file.clearRecentFiles.icon" not found.
Warning ResourceBundleUtil[org.jhotdraw.app.Labels].getIconProperty "file.clearRecentFiles.icon" not found.
Warning ResourceBundleUtil[org.jhotdraw.app.Labels].getIconProperty "file.new.icon" not found.
Warning ResourceBundleUtil[org.jhotdraw.app.Labels].getIconProperty "file.open.icon" not found.
Warning ResourceBundleUtil[org.jhotdraw.app.Labels].getIconProperty "file.save.icon" not found.
Warning ResourceBundleUtil[org.jhotdraw.app.Labels].getIconProperty "file.save.icon" not found.
Warning ResourceBundleUtil[org.jhotdraw.app.Labels].getIconProperty "file.saveAs.icon" not found.
Warning ResourceBundleUtil[org.jhotdraw.app.Labels].getIconProperty "file.close.icon" not found.
Warning ResourceBundleUtil[org.jhotdraw.action.Labels].getIconProperty "edit.undo.icon" not found.
Warning ResourceBundleUtil[org.jhotdraw.action.Labels].getIconProperty "edit.redo.icon" not found.
Warning ResourceBundleUtil[org.jhotdraw.action.Labels].getIconProperty "edit.cut.icon" not found.
Warning ResourceBundleUtil[org.jhotdraw.action.Labels].getIconProperty "edit.copy.icon" not found.
Warning ResourceBundleUtil[org.jhotdraw.action.Labels].getIconProperty "edit.paste.icon" not found.
Warning ResourceBundleUtil[org.jhotdraw.action.Labels].getIconProperty "edit.delete.icon" not found.
Warning ResourceBundleUtil[org.jhotdraw.action.Labels].getIconProperty "edit.duplicate.icon" not found.
Warning ResourceBundleUtil[org.jhotdraw.action.Labels].getIconProperty "edit.selectAll.icon" not found.
Warning ResourceBundleUtil[org.jhotdraw.action.Labels].getIconProperty "edit.clearSelection.icon" not found.
Warning ResourceBundleUtil[org.jhotdraw.action.Labels].getIconProperty "edit.clearSelection.icon" not found.
Warning ResourceBundleUtil[org.jhotdraw.samples.svg.Labels].getIconProperty "view.viewSource.smallIcon" not found.
Warning ResourceBundleUtil[org.jhotdraw.samples.svg.Labels].getIconProperty "view.viewSource.icon" not found.
Warning ResourceBundleUtil[org.jhotdraw.samples.svg.Labels].getIconProperty "view.viewSource.icon" not found.
Warning ResourceBundleUtil[org.jhotdraw.app.Labels].getIconProperty "file.export.icon" not found.
Warning ResourceBundleUtil[org.jhotdraw.draw.Labels].getIconProperty "edit.selectSame.smallIcon" not found.
Warning ResourceBundleUtil[org.jhotdraw.draw.Labels].getIconProperty "edit.selectSame.icon" not found.
Warning ResourceBundleUtil[org.jhotdraw.draw.Labels].getIconProperty "edit.groupSelection.smallIcon" not found.
Warning ResourceBundleUtil[org.jhotdraw.draw.Labels].getIconProperty "edit.groupSelection.icon" not found.
Warning ResourceBundleUtil[org.jhotdraw.draw.Labels].getIconProperty "edit.groupSelection.smallIcon" not found.
Warning ResourceBundleUtil[org.jhotdraw.draw.Labels].getIconProperty "edit.groupSelection.icon" not found.
Warning ResourceBundleUtil[org.jhotdraw.draw.Labels].getIconProperty "edit.ungroupSelection.smallIcon" not found.
Warning ResourceBundleUtil[org.jhotdraw.draw.Labels].getIconProperty "edit.ungroupSelection.icon" not found.
Warning ResourceBundleUtil[org.jhotdraw.samples.svg.Labels].getIconProperty "edit.combinePaths.smallIcon" not found.
Warning ResourceBundleUtil[org.jhotdraw.samples.svg.Labels].getIconProperty "edit.combinePaths.icon" not found.
Warning ResourceBundleUtil[org.jhotdraw.samples.svg.Labels].getIconProperty "edit.combinePaths.icon" not found.
Warning ResourceBundleUtil[org.jhotdraw.samples.svg.Labels].getIconProperty "edit.combinePaths.smallIcon" not found.
Warning ResourceBundleUtil[org.jhotdraw.samples.svg.Labels].getIconProperty "edit.combinePaths.icon" not found.
Warning ResourceBundleUtil[org.jhotdraw.samples.svg.Labels].getIconProperty "edit.combinePaths.icon" not found.
Warning ResourceBundleUtil[org.jhotdraw.samples.svg.Labels].getIconProperty "edit.splitPath.smallIcon" not found.
Warning ResourceBundleUtil[org.jhotdraw.samples.svg.Labels].getIconProperty "edit.splitPath.icon" not found.
Warning ResourceBundleUtil[org.jhotdraw.samples.svg.Labels].getIconProperty "edit.splitPath.icon" not found.
Warning ResourceBundleUtil[org.jhotdraw.draw.Labels].getIconProperty "edit.bringToFront.smallIcon" not found.
Warning ResourceBundleUtil[org.jhotdraw.draw.Labels].getIconProperty "edit.bringToFront.icon" not found.
Warning ResourceBundleUtil[org.jhotdraw.draw.Labels].getIconProperty "edit.sendToBack.smallIcon" not found.
Warning ResourceBundleUtil[org.jhotdraw.draw.Labels].getIconProperty "edit.sendToBack.icon" not found.
Warning ResourceBundleUtil[org.jhotdraw.undo.Labels].getIconProperty "edit.undo.smallIcon" not found.
Warning ResourceBundleUtil[org.jhotdraw.undo.Labels].getIconProperty "edit.undo.icon" not found.
Warning ResourceBundleUtil[org.jhotdraw.undo.Labels].getIconProperty "edit.redo.smallIcon" not found.
Warning ResourceBundleUtil[org.jhotdraw.undo.Labels].getIconProperty "edit.redo.icon" not found.
Warning ResourceBundleUtil[org.jhotdraw.action.Labels].getIconProperty "edit.delete.icon" not found.
Warning ResourceBundleUtil[org.jhotdraw.action.Labels].getIconProperty "edit.selectAll.icon" not found.
Warning ResourceBundleUtil[org.jhotdraw.draw.Labels].getIconProperty "view.increaseHandleDetailLevel.smallIcon" not found.
Warning ResourceBundleUtil[org.jhotdraw.draw.Labels].getIconProperty "view.increaseHandleDetailLevel.icon" not found.
Warning ResourceBundleUtil[org.jhotdraw.draw.Labels].getIconProperty "view.increaseHandleDetailLevel.icon" not found.
Warning ResourceBundleUtil[org.jhotdraw.draw.Labels].getIconProperty "edit.moveEast.smallIcon" not found.
Warning ResourceBundleUtil[org.jhotdraw.draw.Labels].getIconProperty "edit.moveEast.icon" not found.
Warning ResourceBundleUtil[org.jhotdraw.draw.Labels].getIconProperty "edit.moveWest.smallIcon" not found.
Warning ResourceBundleUtil[org.jhotdraw.draw.Labels].getIconProperty "edit.moveWest.icon" not found.
Warning ResourceBundleUtil[org.jhotdraw.draw.Labels].getIconProperty "edit.moveNorth.smallIcon" not found.
Warning ResourceBundleUtil[org.jhotdraw.draw.Labels].getIconProperty "edit.moveNorth.icon" not found.
Warning ResourceBundleUtil[org.jhotdraw.draw.Labels].getIconProperty "edit.moveSouth.smallIcon" not found.
Warning ResourceBundleUtil[org.jhotdraw.draw.Labels].getIconProperty "edit.moveSouth.icon" not found.
Warning ResourceBundleUtil[org.jhotdraw.draw.Labels].getIconProperty "edit.moveConstrainedEast.smallIcon" not found.
Warning ResourceBundleUtil[org.jhotdraw.draw.Labels].getIconProperty "edit.moveConstrainedEast.icon" not found.
Warning ResourceBundleUtil[org.jhotdraw.draw.Labels].getIconProperty "edit.moveConstrainedEast.icon" not found.
Warning ResourceBundleUtil[org.jhotdraw.draw.Labels].getIconProperty "edit.moveConstrainedWest.smallIcon" not found.
Warning ResourceBundleUtil[org.jhotdraw.draw.Labels].getIconProperty "edit.moveConstrainedWest.icon" not found.
Warning ResourceBundleUtil[org.jhotdraw.draw.Labels].getIconProperty "edit.moveConstrainedWest.icon" not found.
Warning ResourceBundleUtil[org.jhotdraw.draw.Labels].getIconProperty "edit.moveConstrainedNorth.smallIcon" not found.
Warning ResourceBundleUtil[org.jhotdraw.draw.Labels].getIconProperty "edit.moveConstrainedNorth.icon" not found.
Warning ResourceBundleUtil[org.jhotdraw.draw.Labels].getIconProperty "edit.moveConstrainedNorth.icon" not found.
Warning ResourceBundleUtil[org.jhotdraw.draw.Labels].getIconProperty "edit.moveConstrainedSouth.smallIcon" not found.
Warning ResourceBundleUtil[org.jhotdraw.draw.Labels].getIconProperty "edit.moveConstrainedSouth.icon" not found.
Warning ResourceBundleUtil[org.jhotdraw.draw.Labels].getIconProperty "edit.moveConstrainedSouth.icon" not found.
Warning ResourceBundleUtil[org.jhotdraw.action.Labels].getIconProperty "edit.cut.icon" not found.
Warning ResourceBundleUtil[org.jhotdraw.action.Labels].getIconProperty "edit.copy.icon" not found.
Warning ResourceBundleUtil[org.jhotdraw.action.Labels].getIconProperty "edit.paste.icon" not found.
Warning ResourceBundleUtil[org.jhotdraw.app.Labels].getIconProperty "file.close.icon" not found.
Warning ResourceBundleUtil[org.jhotdraw.app.Labels].getIconProperty "file.new.icon" not found.
Warning ResourceBundleUtil[org.jhotdraw.app.Labels].getIconProperty "file.open.icon" not found.
Warning ResourceBundleUtil[org.jhotdraw.app.Labels].getIconProperty "file.save.icon" not found.
Warning ResourceBundleUtil[org.jhotdraw.app.Labels].getIconProperty "file.save.icon" not found.
Warning ResourceBundleUtil[org.jhotdraw.app.Labels].getIconProperty "file.saveAs.icon" not found.
Warning ResourceBundleUtil[org.jhotdraw.app.Labels].getIconProperty "file.close.icon" not found.
Warning ResourceBundleUtil[org.jhotdraw.action.Labels].getIconProperty "edit.undo.icon" not found.
Warning ResourceBundleUtil[org.jhotdraw.action.Labels].getIconProperty "edit.redo.icon" not found.
Warning ResourceBundleUtil[org.jhotdraw.action.Labels].getIconProperty "edit.cut.icon" not found.
Warning ResourceBundleUtil[org.jhotdraw.action.Labels].getIconProperty "edit.copy.icon" not found.
Warning ResourceBundleUtil[org.jhotdraw.action.Labels].getIconProperty "edit.paste.icon" not found.
Warning ResourceBundleUtil[org.jhotdraw.action.Labels].getIconProperty "edit.delete.icon" not found.
Warning ResourceBundleUtil[org.jhotdraw.action.Labels].getIconProperty "edit.duplicate.icon" not found.
Warning ResourceBundleUtil[org.jhotdraw.action.Labels].getIconProperty "edit.selectAll.icon" not found.
Warning ResourceBundleUtil[org.jhotdraw.action.Labels].getIconProperty "edit.clearSelection.icon" not found.
Warning ResourceBundleUtil[org.jhotdraw.action.Labels].getIconProperty "edit.clearSelection.icon" not found.
Warning ResourceBundleUtil[org.jhotdraw.samples.svg.Labels].getIconProperty "view.viewSource.smallIcon" not found.
Warning ResourceBundleUtil[org.jhotdraw.samples.svg.Labels].getIconProperty "view.viewSource.icon" not found.
Warning ResourceBundleUtil[org.jhotdraw.samples.svg.Labels].getIconProperty "view.viewSource.icon" not found.
Warning ResourceBundleUtil[org.jhotdraw.app.Labels].getIconProperty "file.export.icon" not found.
Warning ResourceBundleUtil[org.jhotdraw.draw.Labels].getIconProperty "edit.selectSame.smallIcon" not found.
Warning ResourceBundleUtil[org.jhotdraw.draw.Labels].getIconProperty "edit.selectSame.icon" not found.
Warning ResourceBundleUtil[org.jhotdraw.draw.Labels].getIconProperty "edit.groupSelection.smallIcon" not found.
Warning ResourceBundleUtil[org.jhotdraw.draw.Labels].getIconProperty "edit.groupSelection.icon" not found.
Warning ResourceBundleUtil[org.jhotdraw.draw.Labels].getIconProperty "edit.groupSelection.smallIcon" not found.
Warning ResourceBundleUtil[org.jhotdraw.draw.Labels].getIconProperty "edit.groupSelection.icon" not found.
Warning ResourceBundleUtil[org.jhotdraw.draw.Labels].getIconProperty "edit.ungroupSelection.smallIcon" not found.
Warning ResourceBundleUtil[org.jhotdraw.draw.Labels].getIconProperty "edit.ungroupSelection.icon" not found.
Warning ResourceBundleUtil[org.jhotdraw.samples.svg.Labels].getIconProperty "edit.combinePaths.smallIcon" not found.
Warning ResourceBundleUtil[org.jhotdraw.samples.svg.Labels].getIconProperty "edit.combinePaths.icon" not found.
Warning ResourceBundleUtil[org.jhotdraw.samples.svg.Labels].getIconProperty "edit.combinePaths.icon" not found.
Warning ResourceBundleUtil[org.jhotdraw.samples.svg.Labels].getIconProperty "edit.combinePaths.smallIcon" not found.
Warning ResourceBundleUtil[org.jhotdraw.samples.svg.Labels].getIconProperty "edit.combinePaths.icon" not found.
Warning ResourceBundleUtil[org.jhotdraw.samples.svg.Labels].getIconProperty "edit.combinePaths.icon" not found.
Warning ResourceBundleUtil[org.jhotdraw.samples.svg.Labels].getIconProperty "edit.splitPath.smallIcon" not found.
Warning ResourceBundleUtil[org.jhotdraw.samples.svg.Labels].getIconProperty "edit.splitPath.icon" not found.
Warning ResourceBundleUtil[org.jhotdraw.samples.svg.Labels].getIconProperty "edit.splitPath.icon" not found.
Warning ResourceBundleUtil[org.jhotdraw.draw.Labels].getIconProperty "edit.bringToFront.smallIcon" not found.
Warning ResourceBundleUtil[org.jhotdraw.draw.Labels].getIconProperty "edit.bringToFront.icon" not found.
Warning ResourceBundleUtil[org.jhotdraw.draw.Labels].getIconProperty "edit.sendToBack.smallIcon" not found.
Warning ResourceBundleUtil[org.jhotdraw.draw.Labels].getIconProperty "edit.sendToBack.icon" not found.
Warning ResourceBundleUtil[org.jhotdraw.action.Labels].getIconProperty "edit.delete.icon" not found.
Warning ResourceBundleUtil[org.jhotdraw.action.Labels].getIconProperty "edit.selectAll.icon" not found.
Warning ResourceBundleUtil[org.jhotdraw.draw.Labels].getIconProperty "view.increaseHandleDetailLevel.smallIcon" not found.
Warning ResourceBundleUtil[org.jhotdraw.draw.Labels].getIconProperty "view.increaseHandleDetailLevel.icon" not found.
Warning ResourceBundleUtil[org.jhotdraw.draw.Labels].getIconProperty "view.increaseHandleDetailLevel.icon" not found.
Warning ResourceBundleUtil[org.jhotdraw.draw.Labels].getIconProperty "edit.moveEast.smallIcon" not found.
Warning ResourceBundleUtil[org.jhotdraw.draw.Labels].getIconProperty "edit.moveEast.icon" not found.
Warning ResourceBundleUtil[org.jhotdraw.draw.Labels].getIconProperty "edit.moveWest.smallIcon" not found.
Warning ResourceBundleUtil[org.jhotdraw.draw.Labels].getIconProperty "edit.moveWest.icon" not found.
Warning ResourceBundleUtil[org.jhotdraw.draw.Labels].getIconProperty "edit.moveNorth.smallIcon" not found.
Warning ResourceBundleUtil[org.jhotdraw.draw.Labels].getIconProperty "edit.moveNorth.icon" not found.
Warning ResourceBundleUtil[org.jhotdraw.draw.Labels].getIconProperty "edit.moveSouth.smallIcon" not found.
Warning ResourceBundleUtil[org.jhotdraw.draw.Labels].getIconProperty "edit.moveSouth.icon" not found.
Warning ResourceBundleUtil[org.jhotdraw.draw.Labels].getIconProperty "edit.moveConstrainedEast.smallIcon" not found.
Warning ResourceBundleUtil[org.jhotdraw.draw.Labels].getIconProperty "edit.moveConstrainedEast.icon" not found.
Warning ResourceBundleUtil[org.jhotdraw.draw.Labels].getIconProperty "edit.moveConstrainedEast.icon" not found.
Warning ResourceBundleUtil[org.jhotdraw.draw.Labels].getIconProperty "edit.moveConstrainedWest.smallIcon" not found.
Warning ResourceBundleUtil[org.jhotdraw.draw.Labels].getIconProperty "edit.moveConstrainedWest.icon" not found.
Warning ResourceBundleUtil[org.jhotdraw.draw.Labels].getIconProperty "edit.moveConstrainedWest.icon" not found.
Warning ResourceBundleUtil[org.jhotdraw.draw.Labels].getIconProperty "edit.moveConstrainedNorth.smallIcon" not found.
Warning ResourceBundleUtil[org.jhotdraw.draw.Labels].getIconProperty "edit.moveConstrainedNorth.icon" not found.
Warning ResourceBundleUtil[org.jhotdraw.draw.Labels].getIconProperty "edit.moveConstrainedNorth.icon" not found.
Warning ResourceBundleUtil[org.jhotdraw.draw.Labels].getIconProperty "edit.moveConstrainedSouth.smallIcon" not found.
Warning ResourceBundleUtil[org.jhotdraw.draw.Labels].getIconProperty "edit.moveConstrainedSouth.icon" not found.
Warning ResourceBundleUtil[org.jhotdraw.draw.Labels].getIconProperty "edit.moveConstrainedSouth.icon" not found.
Warning ResourceBundleUtil[org.jhotdraw.action.Labels].getIconProperty "edit.cut.icon" not found.
Warning ResourceBundleUtil[org.jhotdraw.action.Labels].getIconProperty "edit.copy.icon" not found.
Warning ResourceBundleUtil[org.jhotdraw.action.Labels].getIconProperty "edit.paste.icon" not found.
Warning ResourceBundleUtil[org.jhotdraw.draw.Labels].getIconProperty "edit.selectSame.smallIcon" not found.
Warning ResourceBundleUtil[org.jhotdraw.draw.Labels].getIconProperty "edit.selectSame.icon" not found.
Warning ResourceBundleUtil[org.jhotdraw.draw.Labels].getIconProperty "edit.groupSelection.smallIcon" not found.
Warning ResourceBundleUtil[org.jhotdraw.draw.Labels].getIconProperty "edit.groupSelection.icon" not found.
Warning ResourceBundleUtil[org.jhotdraw.draw.Labels].getIconProperty "edit.groupSelection.smallIcon" not found.
Warning ResourceBundleUtil[org.jhotdraw.draw.Labels].getIconProperty "edit.groupSelection.icon" not found.
Warning ResourceBundleUtil[org.jhotdraw.draw.Labels].getIconProperty "edit.ungroupSelection.smallIcon" not found.
Warning ResourceBundleUtil[org.jhotdraw.draw.Labels].getIconProperty "edit.ungroupSelection.icon" not found.
Warning ResourceBundleUtil[org.jhotdraw.samples.svg.Labels].getIconProperty "edit.combinePaths.smallIcon" not found.
Warning ResourceBundleUtil[org.jhotdraw.samples.svg.Labels].getIconProperty "edit.combinePaths.icon" not found.
Warning ResourceBundleUtil[org.jhotdraw.samples.svg.Labels].getIconProperty "edit.combinePaths.icon" not found.
Warning ResourceBundleUtil[org.jhotdraw.samples.svg.Labels].getIconProperty "edit.combinePaths.smallIcon" not found.
Warning ResourceBundleUtil[org.jhotdraw.samples.svg.Labels].getIconProperty "edit.combinePaths.icon" not found.
Warning ResourceBundleUtil[org.jhotdraw.samples.svg.Labels].getIconProperty "edit.combinePaths.icon" not found.
Warning ResourceBundleUtil[org.jhotdraw.samples.svg.Labels].getIconProperty "edit.splitPath.smallIcon" not found.
Warning ResourceBundleUtil[org.jhotdraw.samples.svg.Labels].getIconProperty "edit.splitPath.icon" not found.
Warning ResourceBundleUtil[org.jhotdraw.samples.svg.Labels].getIconProperty "edit.splitPath.icon" not found.
Warning ResourceBundleUtil[org.jhotdraw.draw.Labels].getIconProperty "edit.bringToFront.smallIcon" not found.
Warning ResourceBundleUtil[org.jhotdraw.draw.Labels].getIconProperty "edit.bringToFront.icon" not found.
Warning ResourceBundleUtil[org.jhotdraw.draw.Labels].getIconProperty "edit.sendToBack.smallIcon" not found.
Warning ResourceBundleUtil[org.jhotdraw.draw.Labels].getIconProperty "edit.sendToBack.icon" not found.
Warning ResourceBundleUtil[org.jhotdraw.app.Labels].getIconProperty "file.icon" not found.
Warning ResourceBundleUtil[org.jhotdraw.app.Labels].getIconProperty "edit.icon" not found.
Warning ResourceBundleUtil[org.jhotdraw.app.Labels].getIconProperty "view.icon" not found.
Warning ResourceBundleUtil[org.jhotdraw.app.Labels].getIconProperty "window.icon" not found.
Warning ResourceBundleUtil[org.jhotdraw.app.Labels].getIconProperty "help.icon" not found.
Warning ResourceBundleUtil[org.jhotdraw.draw.Labels].getIconProperty "edit.pickAttributes.smallIcon" not found.
Warning ResourceBundleUtil[org.jhotdraw.draw.Labels].getIconProperty "edit.pickAttributes.icon" not found.
Warning ResourceBundleUtil[org.jhotdraw.draw.Labels].getIconProperty "edit.applyAttributes.smallIcon" not found.
Warning ResourceBundleUtil[org.jhotdraw.draw.Labels].getIconProperty "edit.applyAttributes.icon" not found.
Warning ResourceBundleUtil[org.jhotdraw.action.Labels].getIconProperty "edit.duplicate.icon" not found.
Warning ResourceBundleUtil[org.jhotdraw.draw.Labels].getIconProperty "edit.groupSelection.smallIcon" not found.
Warning ResourceBundleUtil[org.jhotdraw.draw.Labels].getIconProperty "edit.groupSelection.icon" not found.
Warning ResourceBundleUtil[org.jhotdraw.draw.Labels].getIconProperty "edit.groupSelection.smallIcon" not found.
Warning ResourceBundleUtil[org.jhotdraw.draw.Labels].getIconProperty "edit.groupSelection.icon" not found.
Warning ResourceBundleUtil[org.jhotdraw.draw.Labels].getIconProperty "edit.ungroupSelection.smallIcon" not found.
Warning ResourceBundleUtil[org.jhotdraw.draw.Labels].getIconProperty "edit.ungroupSelection.icon" not found.
Warning ResourceBundleUtil[org.jhotdraw.action.Labels].getIconProperty "edit.cut.icon" not found.
Warning ResourceBundleUtil[org.jhotdraw.action.Labels].getIconProperty "edit.copy.icon" not found.
Warning ResourceBundleUtil[org.jhotdraw.action.Labels].getIconProperty "edit.paste.icon" not found.
Warning ResourceBundleUtil[org.jhotdraw.action.Labels].getIconProperty "edit.delete.icon" not found.
Warning ResourceBundleUtil[org.jhotdraw.action.Labels].getIconProperty "edit.selectAll.icon" not found.
Warning ResourceBundleUtil[org.jhotdraw.draw.Labels].getIconProperty "edit.selectSame.smallIcon" not found.
Warning ResourceBundleUtil[org.jhotdraw.draw.Labels].getIconProperty "edit.selectSame.icon" not found.
Warning ResourceBundleUtil[org.jhotdraw.action.Labels].getIconProperty "edit.clearSelection.icon" not found.
Warning ResourceBundleUtil[org.jhotdraw.action.Labels].getIconProperty "edit.cut.icon" not found.
Warning ResourceBundleUtil[org.jhotdraw.action.Labels].getIconProperty "edit.copy.icon" not found.
Warning ResourceBundleUtil[org.jhotdraw.action.Labels].getIconProperty "edit.paste.icon" not found.
Warning ResourceBundleUtil[org.jhotdraw.draw.Labels].getIconProperty "edit.selectSame.smallIcon" not found.
Warning ResourceBundleUtil[org.jhotdraw.draw.Labels].getIconProperty "edit.selectSame.icon" not found.
Warning ResourceBundleUtil[org.jhotdraw.action.Labels].getIconProperty "edit.duplicate.icon" not found.
Warning ResourceBundleUtil[org.jhotdraw.draw.Labels].getIconProperty "edit.groupSelection.smallIcon" not found.
Warning ResourceBundleUtil[org.jhotdraw.draw.Labels].getIconProperty "edit.groupSelection.icon" not found.
Warning ResourceBundleUtil[org.jhotdraw.draw.Labels].getIconProperty "edit.groupSelection.smallIcon" not found.
Warning ResourceBundleUtil[org.jhotdraw.draw.Labels].getIconProperty "edit.groupSelection.icon" not found.
Warning ResourceBundleUtil[org.jhotdraw.draw.Labels].getIconProperty "edit.ungroupSelection.smallIcon" not found.
Warning ResourceBundleUtil[org.jhotdraw.draw.Labels].getIconProperty "edit.ungroupSelection.icon" not found.
Warning ResourceBundleUtil[org.jhotdraw.samples.svg.Labels].getIconProperty "edit.combinePaths.smallIcon" not found.
Warning ResourceBundleUtil[org.jhotdraw.samples.svg.Labels].getIconProperty "edit.combinePaths.icon" not found.
Warning ResourceBundleUtil[org.jhotdraw.samples.svg.Labels].getIconProperty "edit.combinePaths.icon" not found.
Warning ResourceBundleUtil[org.jhotdraw.samples.svg.Labels].getIconProperty "edit.combinePaths.smallIcon" not found.
Warning ResourceBundleUtil[org.jhotdraw.samples.svg.Labels].getIconProperty "edit.combinePaths.icon" not found.
Warning ResourceBundleUtil[org.jhotdraw.samples.svg.Labels].getIconProperty "edit.combinePaths.icon" not found.
Warning ResourceBundleUtil[org.jhotdraw.samples.svg.Labels].getIconProperty "edit.splitPath.smallIcon" not found.
Warning ResourceBundleUtil[org.jhotdraw.samples.svg.Labels].getIconProperty "edit.splitPath.icon" not found.
Warning ResourceBundleUtil[org.jhotdraw.samples.svg.Labels].getIconProperty "edit.splitPath.icon" not found.
Warning ResourceBundleUtil[org.jhotdraw.draw.Labels].getIconProperty "edit.bringToFront.smallIcon" not found.
Warning ResourceBundleUtil[org.jhotdraw.draw.Labels].getIconProperty "edit.bringToFront.icon" not found.
Warning ResourceBundleUtil[org.jhotdraw.draw.Labels].getIconProperty "edit.sendToBack.smallIcon" not found.
Warning ResourceBundleUtil[org.jhotdraw.draw.Labels].getIconProperty "edit.sendToBack.icon" not found.
